
> the-new-fuse@2.1.0 build
> turbo run build

turbo 2.5.4

• Packages in scope: @the-new-fuse/agent, @the-new-fuse/api, @the-new-fuse/api-client, @the-new-fuse/api-core, @the-new-fuse/api-server, @the-new-fuse/api-types, @the-new-fuse/backend, @the-new-fuse/backend-app, @the-new-fuse/client, @the-new-fuse/common, @the-new-fuse/core, @the-new-fuse/database, @the-new-fuse/feature-suggestions, @the-new-fuse/feature-tracker, @the-new-fuse/frontend, @the-new-fuse/frontend-app, @the-new-fuse/hooks, @the-new-fuse/port-management, @the-new-fuse/port-manager-cli, @the-new-fuse/prompt-templating, @the-new-fuse/security, @the-new-fuse/shared, @the-new-fuse/testing, @the-new-fuse/types, @the-new-fuse/ui, @the-new-fuse/ui-components, @the-new-fuse/ui-consolidated, @the-new-fuse/utils, db, eslint-config-custom, features, integrations, layout, monitoring, the-new-fuse-chrome-extension
• Running build in 35 packages
• Remote caching disabled
@the-new-fuse/database:db:generate: cache bypass, force executing a007dab70ec484da
@the-new-fuse/testing:build: cache hit, replaying logs a46ac388ad088269
@the-new-fuse/testing:build: 
@the-new-fuse/testing:build: 
@the-new-fuse/testing:build: > @the-new-fuse/testing@1.0.0 clean
@the-new-fuse/testing:build: > rimraf dist coverage test-results playwright-report
@the-new-fuse/testing:build: 
@the-new-fuse/testing:build: [1G[0K[1G[0K⠙[1G[0K
@the-new-fuse/database:build: cache hit, replaying logs 7603c908d687f487
@the-new-fuse/database:build: 
@the-new-fuse/database:build: 
@the-new-fuse/client:build: cache hit, replaying logs 5c9c3058d83cba29
@the-new-fuse/client:build: 
@the-new-fuse/client:build: 
db:build: cache hit, replaying logs 10ec9b5221c49b41
db:build: 
db:build: 
@the-new-fuse/frontend:build: cache miss, executing 63da49a24be18cd0
@the-new-fuse/core:build: cache miss, executing 4a7b6045ea145440
@the-new-fuse/prompt-templating:build: cache hit, replaying logs 9c0c97bf30044605
@the-new-fuse/prompt-templating:build: 
@the-new-fuse/prompt-templating:build: 
@the-new-fuse/utils:build: cache hit, replaying logs c407efe09cdfd2f4
@the-new-fuse/utils:build: 
@the-new-fuse/utils:build: 
the-new-fuse-chrome-extension:build: cache miss, executing 69f630e0063e5ba1
@the-new-fuse/common:build: cache hit, replaying logs 652bef912655de93
@the-new-fuse/common:build: 
@the-new-fuse/common:build: 
@the-new-fuse/types:build: cache miss, executing 46bdd80089a078b6
@the-new-fuse/database:db:generate: Environment variables loaded from .env
@the-new-fuse/database:db:generate: Prisma schema loaded from prisma/schema.prisma
@the-new-fuse/database:db:generate: 
@the-new-fuse/database:db:generate: ✔ Generated Prisma Client (4.16.2 | library) to ./generated/prisma in 765ms
@the-new-fuse/database:db:generate: You can now start using Prisma Client in your code. Reference: https://pris.ly/d/client
@the-new-fuse/database:db:generate: ```
@the-new-fuse/database:db:generate: import { PrismaClient } from './generated/prisma'
@the-new-fuse/database:db:generate: const prisma = new PrismaClient()
@the-new-fuse/database:db:generate: ```
@the-new-fuse/security:build: cache miss, executing 8b04a20b167eee83
@the-new-fuse/types:build: src/index.ts(65,3): error TS2304: Cannot find name 'WorkflowDefinition'.
@the-new-fuse/types:build: src/index.ts(66,3): error TS2304: Cannot find name 'WorkflowInstance'.
@the-new-fuse/types:build: src/index.ts(67,3): error TS2304: Cannot find name 'CreateWorkflowDefinitionDto'.
@the-new-fuse/types:build: src/index.ts(68,3): error TS2304: Cannot find name 'UpdateWorkflowDefinitionDto'.
@the-new-fuse/types:build: src/index.ts(69,3): error TS2304: Cannot find name 'StartWorkflowInstanceDto'.
@the-new-fuse/types:build: ERROR: command finished with error: command (/Users/danielgoldberg/Desktop/A1-Inter-LLM-Com/The New Fuse/packages/types) /Users/danielgoldberg/.nvm/versions/node/v22.16.0/bin/yarn run build exited (2)
@the-new-fuse/types#build: command (/Users/danielgoldberg/Desktop/A1-Inter-LLM-Com/The New Fuse/packages/types) /Users/danielgoldberg/.nvm/versions/node/v22.16.0/bin/yarn run build exited (2)

 Tasks:    8 successful, 13 total
Cached:    7 cached, 13 total
  Time:    27.818s 
Failed:    @the-new-fuse/types#build

 ERROR  run failed: command  exited (2)
