
Running 6 tests using 1 worker
